// Jest Snapshot v1, https://goo.gl/fbAQLP

exports[`Projects renders correctly 1`] = `
<div
  className="projects"
>
  <div
    className="projects__inner"
  >
    <h4
      className="page__title"
      href="#projects"
      id="projects"
    >
      Projects
    </h4>
    <div
      className="projects__body"
      dangerouslySetInnerHTML={
        Object {
          "__html": "<p>test</p>",
        }
      }
    />
  </div>
</div>
`;
