// Jest Snapshot v1, https://goo.gl/fbAQLP

exports[`Tobar renders correctly 1`] = `
<div
  className="topbar"
>
  <div
    className="topbar__inner"
  >
    <div
      className="author"
    >
      <span
        className="author__title"
      >
        <a
          className="author__title-link"
          href="/"
        >
          Test name
        </a>
      </span>
    </div>
    <nav
      className="menu"
    >
      <a
        className="menu__list-item-link"
        href="//test/1/"
      >
        Test label 1
      </a>
      <a
        className="menu__list-item-link"
        href="//test/2/"
      >
        Test label 2
      </a>
      <a
        className="menu__list-item-link"
        href="//test/3/"
      >
        Test label 3
      </a>
    </nav>
  </div>
</div>
`;
