// Jest Snapshot v1, https://goo.gl/fbAQLP

exports[`Articles renders correctly 1`] = `
<div
  className="articles"
>
  <div
    className="articles__inner"
  >
    <h4
      href="#articles"
      id="articles"
    >
      Articles
    </h4>
    <div
      className="articles__body"
    >
      test
    </div>
  </div>
</div>
`;
